gthr-default.h:229:1:int __gthread_key_delete(__gthread_key_t)	16	static
main.cpp:88:6:void ptr_training(uint8_t*)	16	static
main.cpp:102:5:int main()	32	static
main.cpp:164:6:void SystemClock_Config()	232	static
main.cpp:226:13:void MX_ETH_Init()	8	static
main.cpp:268:13:void MX_I2C1_Init()	8	static
main.cpp:314:13:void MX_USART3_UART_Init()	8	static
main.cpp:349:13:void MX_USB_OTG_FS_PCD_Init()	8	static
main.cpp:384:13:void MX_GPIO_Init()	56	static
main.cpp:432:1:BME280::BME280(uint8_t, uint8_t)	16	static
main.cpp:438:7:bool BME280::read(uint8_t*, uint8_t, uint8_t)	40	static
main.cpp:467:6:void Error_Handler()	4	static
main.cpp:473:1:void __static_initialization_and_destruction_0(int, int)	16	static
main.cpp:473:1:cpp)	8	static
main.cpp:473:1:cpp)	8	static
